ERROR: Command failed: git rm apps/api/alert_check_log.txt apps/api/alert_check_result.txt apps/api/migration_log.txt apps/api/reproduction_log.txt apps/api/src/scripts/check_alerts.ts apps/api/src/scripts/reproduce_issue.ts branch_info.txt debug_git.js fetch_log.txt final_status.txt git_debug.log git_log.txt push_check.txt push_log.txt remote_info.txt remote_info_debug.txt status_log.txt status_utf8.txt && git commit -m "chore: remove temporary debug logs" && git push origin main
error: the following file has local modifications:
    git_debug.log
(use --cached to keep the file, or -f to force removal)

STDERR:
error: the following file has local modifications:
    git_debug.log
(use --cached to keep the file, or -f to force removal)

STDOUT:
rm 'apps/api/alert_check_log.txt'
rm 'apps/api/alert_check_result.txt'
rm 'apps/api/migration_log.txt'
rm 'apps/api/reproduction_log.txt'
rm 'apps/api/src/scripts/check_alerts.ts'
rm 'apps/api/src/scripts/reproduce_issue.ts'
rm 'branch_info.txt'
rm 'debug_git.js'
rm 'fetch_log.txt'
rm 'final_status.txt'
rm 'git_debug.log'
rm 'git_log.txt'
rm 'push_check.txt'
rm 'push_log.txt'
rm 'remote_info.txt'
rm 'remote_info_debug.txt'
rm 'status_log.txt'
rm 'status_utf8.txt'
[main 7c61747] chore: remove temporary debug logs
 18 files changed, 402 deletions(-)
 delete mode 100644 apps/api/alert_check_log.txt
 delete mode 100644 apps/api/alert_check_result.txt
 delete mode 100644 apps/api/migration_log.txt
 delete mode 100644 apps/api/reproduction_log.txt
 delete mode 100644 apps/api/src/scripts/check_alerts.ts
 delete mode 100644 apps/api/src/scripts/reproduce_issue.ts
 delete mode 100644 branch_info.txt
 delete mode 100644 debug_git.js
 delete mode 100644 fetch_log.txt
 delete mode 100644 final_status.txt
 delete mode 100644 git_debug.log
 delete mode 100644 git_log.txt
 delete mode 100644 push_check.txt
 delete mode 100644 push_log.txt
 delete mode 100644 remote_info.txt
 delete mode 100644 remote_info_debug.txt
 delete mode 100644 status_log.txt
 delete mode 100644 status_utf8.txt

STDERR:
To https://github.com/gensterid/mapsnetworkmonitor
   fd0c928..7c61747  main -> main

