--- GIT DIAGNOSTIC START ---
CURRENT DIRECTORY: F:\Antigrafity\new-monitoring-mikrotik
--- REMOTE URL ---
origin	https://github.com/gensterid/mapsnetworkmonitor (fetch)
origin	https://github.com/gensterid/mapsnetworkmonitor (push)
--- CURRENT BRANCH ---
* main
--- LAST COMMIT ---
e19bf4f fix(map): reinforce AnimatedPath with high-priority CSS and cache-busting for Proxmox
--- STATUS ---
On branch main
Your branch is up to date with 'origin/main'.

Changes not staged for commit:
  (use "git add <file>..." to update what will be committed)
  (use "git restore <file>..." to discard changes in working directory)
	modified:   apps/web/index.html
	modified:   apps/web/src/components/map/AnimatedPath.jsx
	modified:   apps/web/src/components/ui/Button.jsx

Untracked files:
  (use "git add <file>..." to include in what will be committed)
	git_diag.bat
	git_diag_out.log

no changes added to commit (use "git add" and/or "git commit -a")
--- PUSHING ---
f:\Antigrafity\new-monitoring-mikrotik\git_diag.bat : 
Everything up-to-date
At line:1 char:1
+ f:\Antigrafity\new-monitoring-mikrotik\git_diag.bat 
> git_diag_out.lo ...
+ ~~~~~~~~~~~~~~~~~~~~~~~~~~~~~~~~~~~~~~~~~~~~~~~~~~~~~
~~~~~~~~~~~~~~~~
    + CategoryInfo          : NotSpecified: 
(Everything up    -to-date:String) [], RemoteException
    + FullyQualifiedErrorId : NativeCommandError
 
--- GIT DIAGNOSTIC END ---
