STDOUT:
On branch main
Your branch is up to date with 'origin/main'.

Changes not staged for commit:
  (use "git add <file>..." to update what will be committed)
  (use "git restore <file>..." to discard changes in working directory)
	modified:   apps/api/src/services/analytics.service.ts

Untracked files:
  (use "git add <file>..." to include in what will be committed)
	final_cleanup.js
	final_cleanup.log
	push_fix.js

no changes added to commit (use "git add" and/or "git commit -a")
[main 9481b6f] fix: add routerId to analytics service for interactivity
 1 file changed, 4 insertions(+)


STDERR:
To https://github.com/gensterid/mapsnetworkmonitor
   773fe18..9481b6f  main -> main


ERROR:
None