
> web@0.0.0 dev
> vite


  [32m[1mVITE[22m v7.3.0[39m  [2mready in [0m[1m195[22m[2m[0m ms[22m

  [32m➜[39m  [1mLocal[22m:   [36mhttp://localhost:[1m5173[22m/[39m
[2m  [32m➜[39m  [1mNetwork[22m[2m: use [22m[1m--host[22m[2m to expose[22m
[2m[32m  ➜[39m[22m[2m  press [22m[1mh + enter[22m[2m to show help[22m
[2m21.54.55[22m [36m[1m[vite][22m[39m [90m[2m(client)[22m[39m [32mhmr update [39m[2m/src/index.css, /src/components/map/AnimatedPath.jsx[22m
[2m21.55.43[22m [36m[1m[vite][22m[39m [90m[2m(client)[22m[39m [32mhmr update [39m[2m/src/index.css, /src/components/map/map.css[22m
[2m22.05.00[22m [36m[1m[vite][22m[39m [90m[2m(client)[22m[39m [32mhmr update [39m[2m/src/index.css, /src/components/NetworkMap.jsx[22m
[2m22.05.00[22m [36m[1m[vite][22m[39m [90m[2m(client)[22m[39m [32mhmr update [39m[2m/src/index.css, /src/components/NetworkMap.jsx[22m
[2m22.13.19[22m [36m[1m[vite][22m[39m [90m[2m(client)[22m[39m [32mhmr update [39m[2m/src/index.css, /src/components/NetworkMap.jsx[22m
[2m22.13.22[22m [36m[1m[vite][22m[39m [90m[2m(client)[22m[39m [32mhmr update [39m[2m/src/index.css, /src/components/map/map.css[22m
[2m22.18.50[22m [36m[1m[vite][22m[39m [90m[2m(client)[22m[39m [32mhmr update [39m[2m/src/index.css[22m
[2m22.18.52[22m [36m[1m[vite][22m[39m [90m[2m(client)[22m[39m [32mhmr update [39m[2m/src/index.css[22m
[2m00.50.52[22m [36m[1m[vite][22m[39m [90m[2m(client)[22m[39m [32mhmr update [39m[2m/src/pages/Analytics.jsx, /src/index.css[22m
[2m02.24.45[22m [36m[1m[vite][22m[39m [90m[2m(client)[22m[39m [32mhmr update [39m[2m/src/index.css[22m
[2m02.24.59[22m [36m[1m[vite][22m[39m [90m[2m(client)[22m[39m [32mhmr update [39m[2m/src/context/ThemeContext.jsx, /src/index.css[22m
[2m02.24.59[22m [36m[1m[vite][22m[39m [90m[2m(client)[22m[39m [33mhmr invalidate [39m[2m/src/context/ThemeContext.jsx[22m Could not Fast Refresh ("THEMES" export is incompatible). Learn more at https://github.com/vitejs/vite-plugin-react/tree/main/packages/plugin-react#consistent-components-exports
[2m02.24.59[22m [36m[1m[vite][22m[39m [90m[2m(client)[22m[39m [32mhmr update [39m[2m/src/App.jsx, /src/pages/Settings.jsx[22m
[2m02.43.30[22m [36m[1m[vite][22m[39m [90m[2m(client)[22m[39m [32mhmr update [39m[2m/src/index.css[22m
[2m02.43.30[22m [31m[1m[vite][22m[39m [31mInternal server error: [postcss] F:/Antigrafity/new-monitoring-mikrotik/apps/web/src/index.css:569:1: Unexpected }[39m
  Plugin: [35mvite:css[39m
  File: [36mF:/Antigrafity/new-monitoring-mikrotik/apps/web/src/index.css[39m:569:0
[33m  567 |  
  568 |  @apply bg-background-dark text-white font-display overflow-hidden;
  569 |  }
      |  ^
  570 |  
  571 |  /* [39m
      at Input.error (F:\Antigrafity\new-monitoring-mikrotik\node_modules\postcss\lib\input.js:135:16)
      at Parser.unexpectedClose (F:\Antigrafity\new-monitoring-mikrotik\node_modules\postcss\lib\parser.js:587:22)
      at Parser.end (F:\Antigrafity\new-monitoring-mikrotik\node_modules\postcss\lib\parser.js:330:12)
      at Parser.parse (F:\Antigrafity\new-monitoring-mikrotik\node_modules\postcss\lib\parser.js:456:16)
      at parse (F:\Antigrafity\new-monitoring-mikrotik\node_modules\postcss\lib\parse.js:11:12)
      at new LazyResult (F:\Antigrafity\new-monitoring-mikrotik\node_modules\postcss\lib\lazy-result.js:165:16)
      at Processor.process (F:\Antigrafity\new-monitoring-mikrotik\node_modules\postcss\lib\processor.js:53:14)
      at runPostCSS (file:///F:/Antigrafity/new-monitoring-mikrotik/apps/web/node_modules/vite/dist/node/chunks/config.js:30144:68)
      at async compilePostCSS (file:///F:/Antigrafity/new-monitoring-mikrotik/apps/web/node_modules/vite/dist/node/chunks/config.js:30128:6)
      at async compileCSS (file:///F:/Antigrafity/new-monitoring-mikrotik/apps/web/node_modules/vite/dist/node/chunks/config.js:30058:26)
      at async TransformPluginContext.handler (file:///F:/Antigrafity/new-monitoring-mikrotik/apps/web/node_modules/vite/dist/node/chunks/config.js:29591:54)
      at async EnvironmentPluginContainer.transform (file:///F:/Antigrafity/new-monitoring-mikrotik/apps/web/node_modules/vite/dist/node/chunks/config.js:28796:14)
      at async loadAndTransform (file:///F:/Antigrafity/new-monitoring-mikrotik/apps/web/node_modules/vite/dist/node/chunks/config.js:22669:26)
      at async viteTransformMiddleware (file:///F:/Antigrafity/new-monitoring-mikrotik/apps/web/node_modules/vite/dist/node/chunks/config.js:24541:20)
[2m02.44.11[22m [36m[1m[vite][22m[39m [90m[2m(client)[22m[39m [32mhmr update [39m[2m/src/index.css[22m
[2m02.44.11[22m [31m[1m[vite][22m[39m [31mInternal server error: [postcss] F:/Antigrafity/new-monitoring-mikrotik/apps/web/src/index.css:578:1: Unexpected }[39m
  Plugin: [35mvite:css[39m
  File: [36mF:/Antigrafity/new-monitoring-mikrotik/apps/web/src/index.css[39m:578:0
[33m  576 |  
  577 |  @apply bg-background-dark text-white font-display overflow-hidden;
  578 |  }
      |  ^
  579 |  
  580 |  /* [39m
      at Input.error (F:\Antigrafity\new-monitoring-mikrotik\node_modules\postcss\lib\input.js:135:16)
      at Parser.unexpectedClose (F:\Antigrafity\new-monitoring-mikrotik\node_modules\postcss\lib\parser.js:587:22)
      at Parser.end (F:\Antigrafity\new-monitoring-mikrotik\node_modules\postcss\lib\parser.js:330:12)
      at Parser.parse (F:\Antigrafity\new-monitoring-mikrotik\node_modules\postcss\lib\parser.js:456:16)
      at parse (F:\Antigrafity\new-monitoring-mikrotik\node_modules\postcss\lib\parse.js:11:12)
      at new LazyResult (F:\Antigrafity\new-monitoring-mikrotik\node_modules\postcss\lib\lazy-result.js:165:16)
      at Processor.process (F:\Antigrafity\new-monitoring-mikrotik\node_modules\postcss\lib\processor.js:53:14)
      at runPostCSS (file:///F:/Antigrafity/new-monitoring-mikrotik/apps/web/node_modules/vite/dist/node/chunks/config.js:30144:68)
      at async compilePostCSS (file:///F:/Antigrafity/new-monitoring-mikrotik/apps/web/node_modules/vite/dist/node/chunks/config.js:30128:6)
      at async compileCSS (file:///F:/Antigrafity/new-monitoring-mikrotik/apps/web/node_modules/vite/dist/node/chunks/config.js:30058:26)
      at async TransformPluginContext.handler (file:///F:/Antigrafity/new-monitoring-mikrotik/apps/web/node_modules/vite/dist/node/chunks/config.js:29591:54)
      at async EnvironmentPluginContainer.transform (file:///F:/Antigrafity/new-monitoring-mikrotik/apps/web/node_modules/vite/dist/node/chunks/config.js:28796:14)
      at async loadAndTransform (file:///F:/Antigrafity/new-monitoring-mikrotik/apps/web/node_modules/vite/dist/node/chunks/config.js:22669:26)
      at async viteTransformMiddleware (file:///F:/Antigrafity/new-monitoring-mikrotik/apps/web/node_modules/vite/dist/node/chunks/config.js:24541:20)
[2m02.44.26[22m [36m[1m[vite][22m[39m [90m[2m(client)[22m[39m [32mhmr update [39m[2m/src/index.css[22m
[2m03.55.59[22m [36m[1m[vite][22m[39m [90m[2m(client)[22m[39m [32mhmr update [39m[2m/src/index.css, /src/components/NetworkMap.jsx[22m
